<html>
<body>
<pre>
<h1>礦ision Build Log</h1>
<h2>Tool Versions:</h2>
IDE-Version: μVision V5.26.2.0
Copyright (C) 2018 ARM Ltd and ARM Germany GmbH. All rights reserved.
License Information: XU XU, hubeijingjixueyuan, LIC=IC9VE-5PUWI-16LQV-PUPV5-62JWN-MGLAJ
 
Tool Versions:
Toolchain:       MDK-ARM Professional  Version: 5.26.2.0
Toolchain Path:  C:\Keil_v5\ARM\ARMCC\Bin
C Compiler:      Armcc.exe V5.06 update 6 (build 750)
Assembler:       Armasm.exe V5.06 update 6 (build 750)
Linker/Locator:  ArmLink.exe V5.06 update 6 (build 750)
Library Manager: ArmAr.exe V5.06 update 6 (build 750)
Hex Converter:   FromElf.exe V5.06 update 6 (build 750)
CPU DLL:         SARMCM3.DLL V5.26.2.0
Dialog DLL:      DCM.DLL V1.17.2.0
Target DLL:      STLink\ST-LINKIII-KEIL_SWO.dll V3.0.5.0
Dialog DLL:      TCM.DLL V1.36.1.0
 
<h2>Project:</h2>
F:\XuWenChao\微机原理与接口技术\期末作品\Final_Production_2\MDK-ARM\Final_Production_2.uvprojx
Project File Date:  12/21/2020

<h2>Output:</h2>
*** Using Compiler 'V5.06 update 6 (build 750)', folder: 'C:\Keil_v5\ARM\ARMCC\Bin'
Build target 'Final_Production_2'
compiling main.c...
..\Code\oled.h(19): warning:  #1-D: last line of file ends without a newline
  #endif
../Src/main.c(135): warning:  #223-D: function "OLED_DrawLine" declared implicitly
  	OLED_DrawLine(64, 59, 64, 64, 1);
../Src/main.c(208): warning:  #223-D: function "OLED_DrawLine" declared implicitly
  				OLED_DrawLine(64, 32, sx, sy, 0);
../Src/main.c(211): warning:  #223-D: function "OLED_DrawLine" declared implicitly
  				OLED_DrawLine(64, 32, mx, my, 0);
../Src/main.c(214): warning:  #223-D: function "OLED_DrawLine" declared implicitly
  				OLED_DrawLine(64, 32, hx, hy, 0);
../Src/main.c(229): warning:  #223-D: function "OLED_DrawLine" declared implicitly
  			OLED_DrawLine(64, 32, sx, sy, 1);
../Src/main.c(267): warning:  #223-D: function "isLeapYear" declared implicitly
  		if (isLeapYear(yea)) month[2] = 29;
../Src/main.c: 7 warnings, 0 errors
compiling oled.c...
..\Code\oled.h(19): warning:  #1-D: last line of file ends without a newline
  #endif
..\Code\font.h(362): warning:  #1-D: last line of file ends without a newline
  #endif
..\Code\spi.h(22): warning:  #1-D: last line of file ends without a newline
  #endif
..\Code\oled.c(238): warning:  #1-D: last line of file ends without a newline
  }
..\Code\oled.c: 4 warnings, 0 errors
linking...
Program Size: Code=12200 RO-data=6664 RW-data=176 ZI-data=2264  
FromELF: creating hex file...
"Final_Production_2\Final_Production_2.axf" - 0 Error(s), 11 Warning(s).

<h2>Software Packages used:</h2>

Package Vendor: ARM
                http://www.keil.com/pack/ARM.CMSIS.5.4.0.pack
                ARM.CMSIS.5.4.0
                CMSIS (Cortex Microcontroller Software Interface Standard)
   * Component: CORE Version: 5.1.2

<h2>Collection of Component include folders:</h2>
  .\RTE\_Final_Production_2
  C:\Keil_v5\ARM\PACK\ARM\CMSIS\5.4.0\CMSIS\Core\Include

<h2>Collection of Component Files used:</h2>

   * Component: ARM::CMSIS:CORE:5.1.2
Build Time Elapsed:  00:00:02
</pre>
</body>
</html>
